[backblue.gif]
[fade.gif]
[index.html]
[onay.hilede.com/1a.mp4]
[onay.hilede.com/img/chrome.png]
[onay.hilede.com/img/yt.png]
[onay.hilede.com/assets/js/jquery-3.2.1.min.js]
[onay.hilede.com/assets/js/popper.min.js]
[onay.hilede.com/assets/js/bootstrap.min.js]
[onay.hilede.com/assets/plugins/scroll-fixed/jquery-scrolltofixed-min.js]
[onay.hilede.com/assets/js/script.js]
[onay.hilede.com/pubg.html]
[onay.hilede.com/FcRiCpr6.html]
[onay.hilede.com/assets/css/bootstrap.min.css]
[onay.hilede.com/assets/webfonts/fa-brands-400.eot]
[onay.hilede.com/assets/webfonts/fa-brands-400d41dd41d.eot]
[onay.hilede.com/assets/webfonts/fa-brands-400.woff2]
[onay.hilede.com/assets/webfonts/fa-brands-400.woff]
[onay.hilede.com/assets/webfonts/fa-brands-400.ttf]
[onay.hilede.com/assets/webfonts/fa-regular-400.eot]
[onay.hilede.com/assets/webfonts/fa-regular-400d41dd41d.eot]
[onay.hilede.com/assets/webfonts/fa-regular-400.woff2]
[onay.hilede.com/assets/webfonts/fa-regular-400.woff]
[onay.hilede.com/assets/webfonts/fa-regular-400.ttf]
[onay.hilede.com/assets/webfonts/fa-solid-900.eot]
[onay.hilede.com/assets/webfonts/fa-solid-900d41dd41d.eot]
[onay.hilede.com/assets/webfonts/fa-solid-900.woff2]
[onay.hilede.com/assets/webfonts/fa-solid-900.woff]
[onay.hilede.com/assets/webfonts/fa-solid-900.ttf]
[onay.hilede.com/assets/css/fontawsom-all.min.css]
[onay.hilede.com/assets/css/animate.css]
[onay.hilede.com/assets/fonts/PT_Sans-Web-Regular.ttf]
[onay.hilede.com/assets/fonts/PT_Sans-Web-Bold.ttf]
[jahack.com/free-fire/img/back.jpg]
[onay.hilede.com/assets/css/style.css]
[onay.hilede.com/movie.html]
[onay.hilede.com/assets/webfonts/fa-brands-400.svg]
[onay.hilede.com/assets/webfonts/fa-regular-400.svg]
[onay.hilede.com/assets/webfonts/fa-solid-900.svg]
[onay.hilede.com/assets/images/slider/slider_2.html]
